---

/TEST_OUTPUT/workspace/src/main.cpp
References in File: 1
At: L16:C3

10|int main() {
11|  helperFunction();
12|  TestClass tc;
13|  tc.method(1);
14|  return 0;
15|
16|  foo_bar();
17|
18|  // Intentional error: unreachable code
19|  std::cout << "This is unreachable" << std::endl;
20|}
