class TestClass

Size: 1 byte, alignment 1 byte

class TestClass {}